GET /api/login 500 45 14.128 ms
GET /api/login 500 45 2.616 ms
GET /api/login 500 45 1.774 ms
GET /api/login 200 45 12.633 ms
GET /api/login 304 - 17.593 ms
POST /api/login 200 142 17.259 ms
POST /api/login 200 142 2.625 ms
POST /api/login 200 49 1.998 ms
POST /api/login 200 142 2.479 ms
POST /api/login 200 45 2.059 ms
POST /api/login/register 200 24 412.546 ms
POST /api/login/register 200 94 500.658 ms
POST /api/login/register 200 94 434.776 ms
POST /api/login/register 200 54 164.071 ms
POST /api/login/register 200 53 190.032 ms
POST /api/login/register 200 53 128.595 ms
POST /api/login/register 200 53 195.145 ms
POST /api/login 200 142 4.047 ms
POST /api/login 200 166 11.018 ms
POST /api/login 200 166 27.755 ms
GET /api/homescreen/1 200 709 57.474 ms
GET /api/homescreen/1 200 709 146.553 ms
GET /api/homescreen/1 304 - 7.369 ms
GET /api/homescreen/1 304 - 7.598 ms
GET /api/homescreen/1 304 - 7.021 ms
GET /api/homescreen/1 304 - 7.604 ms
GET /api/homescreen/1 304 - 7.951 ms
GET /api/homescreen/1 304 - 4.869 ms
GET /api/homescreen/1 304 - 5.639 ms
GET /api/homescreen/1 304 - 5.754 ms
GET /api/homescreen/1 304 - 6.396 ms
GET /api/homescreen/1 304 - 4.563 ms
GET /api/homescreen/1 304 - 5.326 ms
GET /api/homescreen/1 304 - 7.054 ms
GET /api/homescreen/1 200 709 6.931 ms
GET /api/homescreen/1 304 - 6.595 ms
GET /favicon.ico 404 150 1.933 ms
GET /api/homescreen/1 304 - 4.607 ms
GET /api/homescreen/1 304 - 5.410 ms
GET /api/homescreen/1 304 - 6.091 ms
GET /api/homescreen/1 304 - 8.131 ms
GET /api/homescreen/1 304 - 11.063 ms
GET /api/homescreen/1 304 - 4.483 ms
GET /api/homescreen/1 304 - 5.994 ms
GET /api/homescreen/1 304 - 5.935 ms
GET /api/homescreen/1 304 - 7.723 ms
GET /api/homescreen/1 304 - 5.217 ms
GET /api/homescreen/1 304 - 5.703 ms
GET /api/homescreen/1 304 - 4.588 ms
GET /api/homescreen/1 304 - 5.230 ms
GET /api/homescreen/1 304 - 5.566 ms
GET /api/homescreen/1 304 - 7.205 ms
GET /api/homescreen/1 304 - 5.439 ms
GET /api/homescreen/1 304 - 5.904 ms
GET /api/homescreen/1 304 - 8.973 ms
GET /api/homescreen/1 304 - 5.884 ms
GET /api/homescreen/1 304 - 7.332 ms
GET /api/homescreen/1 304 - 4.893 ms
GET /api/homescreen/1 304 - 4.587 ms
GET /api/homescreen/1 304 - 5.701 ms
GET /api/homescreen/1 304 - 5.438 ms
GET /api/homescreen/1 304 - 6.524 ms
GET /api/homescreen/1 304 - 6.427 ms
GET /api/homescreen/1 304 - 8.589 ms
GET /api/homescreen/1 304 - 6.956 ms
GET /api/homescreen/1 304 - 10.210 ms
GET /api/homescreen/1 200 709 5.598 ms
GET /api/homescreen/1 200 709 5.017 ms
GET /api/homescreen/1 304 - 7.405 ms
GET /api/homescreen/1 304 - 6.917 ms
GET /api/homescreen/1 304 - 4.552 ms
GET /api/homescreen/1 304 - 4.419 ms
GET /api/homescreen/1 304 - 3.897 ms
GET /api/homescreen/1 304 - 3.888 ms
GET /api/homescreen/1 304 - 4.105 ms
GET /api/homescreen/1 304 - 5.678 ms
GET /api/homescreen/1 304 - 6.466 ms
GET /api/homescreen/1 304 - 4.281 ms
GET /api/homescreen/1 304 - 5.306 ms
GET /api/homescreen/1 304 - 3.811 ms
GET /api/homescreen/1 304 - 4.660 ms
GET /api/homescreen/1 304 - 5.856 ms
GET /api/homescreen/1 304 - 6.171 ms
GET /api/homescreen/1 304 - 4.650 ms
GET /api/homescreen/1 304 - 4.313 ms
GET /api/homescreen/1 304 - 5.057 ms
GET /api/homescreen/1 304 - 4.274 ms
GET /api/homescreen/1 304 - 5.547 ms
GET /api/homescreen/1 304 - 5.824 ms
GET /api/homescreen/1 304 - 5.248 ms
GET /api/homescreen/1 304 - 5.905 ms
GET /api/homescreen/1 304 - 4.892 ms
GET /api/homescreen/1 304 - 5.924 ms
GET /api/homescreen/1 304 - 4.454 ms
GET /api/homescreen/1 304 - 4.432 ms
GET /api/homescreen/1 304 - 4.917 ms
GET /api/homescreen/1 304 - 3.771 ms
GET /api/homescreen/1 304 - 4.132 ms
GET /api/homescreen/1 304 - 3.717 ms
GET /api/homescreen/1 304 - 5.606 ms
GET /api/homescreen/1 304 - 4.584 ms
GET /api/homescreen/1 304 - 4.957 ms
GET /api/homescreen/1 304 - 6.361 ms
GET /api/homescreen/1 304 - 6.423 ms
GET /api/homescreen/1 200 709 4.417 ms
GET /api/homescreen/1 200 709 6.358 ms
GET /api/homescreen/1 304 - 7.981 ms
GET /api/homescreen/1 304 - 6.215 ms
GET /api/homescreen/1 304 - 6.514 ms
GET /api/homescreen/1 304 - 4.470 ms
GET /api/homescreen/1 304 - 5.099 ms
GET /api/homescreen/1 304 - 4.226 ms
GET /api/homescreen/1 304 - 3.720 ms
GET /api/homescreen/1 304 - 3.781 ms
GET /api/homescreen/1 304 - 4.304 ms
GET /api/homescreen/1 304 - 4.846 ms
GET /api/homescreen/1 304 - 5.016 ms
GET /api/homescreen/1 304 - 6.760 ms
GET /api/homescreen/1 304 - 5.185 ms
GET /api/homescreen/1 304 - 5.192 ms
GET /api/homescreen/1 304 - 4.992 ms
GET /api/homescreen/1 200 843 3.583 ms
GET /api/homescreen/1 200 843 4.526 ms
GET /api/homescreen/1 304 - 4.624 ms
GET /api/homescreen/1 304 - 5.686 ms
GET /api/homescreen/1 304 - 6.152 ms
GET /api/homescreen/1 304 - 3.582 ms
GET /api/homescreen/1 304 - 5.657 ms
GET /api/homescreen/1 200 843 4.037 ms
GET /api/homescreen/1 200 843 5.364 ms
GET /api/homescreen/1 200 922 7.765 ms
GET /api/homescreen/1 200 922 5.928 ms
GET /api/homescreen/1 304 - 4.760 ms
GET /api/homescreen/1 304 - 4.803 ms
GET /api/homescreen/2 200 273 4.221 ms
GET /favicon.ico 404 150 1.152 ms
GET /api/homescreen/1 304 - 3.959 ms
GET /api/homescreen/1 304 - 3.619 ms
GET /api/homescreen/1 304 - 5.019 ms
GET /api/homescreen/1 304 - 4.465 ms
GET /api/homescreen/1 - - - ms
POST /api/login 200 169 2.639 ms
GET /api/homescreen/1 200 920 8.299 ms
GET /api/homescreen/1 304 - 5.615 ms
GET /api/homescreen/1 200 1131 6.254 ms
GET /api/homescreen/1 304 - 8.905 ms
GET /api/homescreen/1 200 865 27.201 ms
GET /api/homescreen/1 304 - 5.834 ms
GET /api/homescreen/1 304 - 34.743 ms
GET /api/homescreen/1 304 - 7.866 ms
GET /api/homescreen/1 200 987 34.833 ms
GET /api/homescreen/1 304 - 6.830 ms
GET /api/homescreen/1 200 980 5.210 ms
GET /api/homescreen/1 304 - 8.907 ms
GET /api/homescreen/1 200 980 29.802 ms
GET /api/homescreen/1 304 - 9.005 ms
POST /api/login 200 169 2.358 ms
GET /api/homescreen/1 304 - 9.251 ms
GET /api/homescreen/1 304 - 5.364 ms
GET /api/homescreen/1 304 - 5.169 ms
GET /api/homescreen/1 304 - 4.227 ms
POST /api/login 200 49 38.842 ms
POST /api/login 200 169 1.780 ms
GET /api/homescreen/1 200 978 13.717 ms
GET /api/homescreen/1 304 - 9.523 ms
GET /api/homescreen/1 304 - 62.717 ms
GET /api/homescreen/1 304 - 9.698 ms
POST /api/login 200 169 2.251 ms
GET /api/homescreen/1 304 - 7.429 ms
GET /api/homescreen/1 304 - 7.018 ms
GET /api/homescreen/1 - - - ms
POST /api/owner/login 200 169 13.659 ms
GET /api/owner/homescreen/1 200 978 14.573 ms
GET /api/owner/homescreen/1 304 - 6.363 ms
GET /api/owner/store/undefined 200 44 108.234 ms
GET /api/owner/store/undefined 304 - 3.171 ms
GET /api/owner/store/undefined 304 - 2.614 ms
GET /api/owner/store/undefined 200 44 44.042 ms
GET /api/owner/store/undefined 200 44 47.100 ms
GET /api/owner/store/undefined 304 - 3.336 ms
GET /api/owner/store/undefined 304 - 3.349 ms
GET /api/owner/store/undefined 304 - 3.481 ms
GET /api/owner/store/undefined 304 - 3.173 ms
GET /api/owner/store/undefined 304 - 3.271 ms
GET /api/owner/store/undefined 304 - 2.743 ms
GET /api/owner/store/undefined 304 - 2.722 ms
GET /api/owner/store/undefined 304 - 3.586 ms
GET /api/owner/store/undefined 304 - 3.055 ms
GET /api/owner/store/undefined 304 - 2.873 ms
GET /api/owner/store/undefined 304 - 2.955 ms
GET /api/owner/store/undefined 304 - 3.008 ms
GET /api/owner/store/undefined 304 - 2.707 ms
GET /api/owner/store/undefined 304 - 2.854 ms
GET /api/owner/store/undefined 304 - 6.511 ms
GET /api/owner/store/undefined 304 - 5.271 ms
GET /api/owner/store/undefined 304 - 5.102 ms
GET /api/owner/store/undefined 304 - 2.851 ms
GET /api/owner/store/undefined 304 - 3.269 ms
GET /api/owner/store/undefined 304 - 4.071 ms
GET /api/owner/store/1 200 332 5.779 ms
GET /api/owner/store/1 304 - 13.128 ms
GET /api/owner/store/1 304 - 5.782 ms
GET /api/owner/store/1 304 - 2.165 ms
GET /api/owner/store/1 304 - 4.353 ms
GET /api/owner/store/1 304 - 4.508 ms
GET /api/owner/store/1 304 - 1.859 ms
GET /api/owner/store/1 304 - 1.990 ms
GET /api/owner/store/1 200 332 3.955 ms
GET /api/owner/store/1 200 332 6.861 ms
GET /api/owner/store/1 200 332 4.017 ms
GET /api/owner/store/1 200 332 5.295 ms
GET /api/owner/store/1 304 - 1.974 ms
GET /api/owner/store/1 304 - 4.276 ms
GET /api/owner/store/1 304 - 1.956 ms
GET /api/owner/store/1 304 - 2.144 ms
GET /api/owner/store/1 304 - 2.777 ms
GET /api/owner/store/1 304 - 1.574 ms
GET /api/owner/store/1 304 - 2.932 ms
GET /api/owner/store/1 304 - 2.160 ms
GET /api/owner/store/1 304 - 2.362 ms
GET /api/owner/store/1 304 - 3.333 ms
GET /api/owner/homescreen/1 - - - ms
GET /api/owner/homescreen/1 - - - ms
POST /api/owner/login 200 169 10.630 ms
GET /api/owner/homescreen/1 200 973 10.681 ms
GET /api/owner/homescreen/1 304 - 9.028 ms
GET /api/owner/store/1 200 332 5.033 ms
GET /api/owner/store/1 304 - 5.091 ms
GET /api/owner/homescreen/1 304 - 7.291 ms
GET /api/owner/homescreen/1 304 - 12.289 ms
GET /api/owner/store/1 304 - 3.310 ms
GET /api/owner/store/1 304 - 5.002 ms
GET /api/owner/homescreen/1 304 - 10.243 ms
GET /api/owner/homescreen/1 304 - 11.849 ms
GET /api/owner/store/1 304 - 2.894 ms
GET /api/owner/store/1 304 - 3.000 ms
GET /api/owner/homescreen/1 304 - 91.249 ms
GET /api/owner/homescreen/1 304 - 18.137 ms
POST /api/owner/login 200 169 2.204 ms
GET /api/owner/homescreen/1 304 - 7.780 ms
GET /api/owner/homescreen/1 304 - 6.135 ms
GET /api/owner/homescreen/1 200 973 5.082 ms
GET /api/owner/homescreen/1 200 973 6.006 ms
GET /api/owner/store/1 304 - 2.979 ms
GET /api/owner/store/1 304 - 2.651 ms
GET /api/owner/store/1 304 - 2.502 ms
GET /api/owner/store/1 200 332 8.269 ms
GET /api/owner/store/1 200 332 18.681 ms
GET /api/owner/store/1 200 332 4.027 ms
GET /api/owner/store/1 200 332 8.582 ms
GET /api/owner/store/1 304 - 1.502 ms
GET /api/owner/store/1 304 - 1.768 ms
GET /api/owner/store/1 304 - 1.124 ms
GET /api/owner/store/1 304 - 1.601 ms
GET /api/owner/store/1 304 - 1.083 ms
GET /api/owner/store/1 304 - 1.952 ms
GET /api/owner/store/1 304 - 1.550 ms
GET /api/owner/store/1 304 - 1.696 ms
GET /api/owner/store/1 304 - 1.531 ms
GET /api/owner/store/1 304 - 2.541 ms
GET /api/owner/store/1 304 - 1.441 ms
GET /api/owner/store/1 304 - 1.571 ms
GET /api/owner/store/1 304 - 1.663 ms
GET /api/owner/store/1 304 - 1.482 ms
GET /api/owner/store/1 304 - 6.198 ms
GET /api/owner/store/1 200 332 3.376 ms
GET /api/owner/store/1 200 332 6.246 ms
GET /api/owner/store/1 200 332 3.674 ms
GET /api/owner/store/1 200 332 4.862 ms
GET /api/owner/store/1 200 332 2.614 ms
GET /api/owner/store/1 200 332 4.189 ms
GET /api/owner/store/1 200 332 4.058 ms
GET /api/owner/store/1 200 332 5.936 ms
GET /api/owner/store/1 200 332 2.425 ms
GET /api/owner/store/1 200 332 3.353 ms
GET /api/owner/store/1 200 332 3.607 ms
GET /api/owner/store/1 200 332 4.729 ms
GET /api/owner/store/1 304 - 1.965 ms
GET /api/owner/store/1 304 - 4.179 ms
GET /api/owner/store/1 304 - 1.571 ms
GET /api/owner/store/1 304 - 1.035 ms
POST /api/owner/store/add 200 53 749.525 ms
GET /api/owner/store/1 304 - 1.539 ms
GET /api/owner/store/1 304 - 1.608 ms
POST /api/owner/store/add 200 53 490.934 ms
GET /api/owner/store/1 200 332 1.936 ms
GET /api/owner/store/1 200 332 2.155 ms
GET /api/owner/store/1 304 - 1.403 ms
GET /api/owner/store/1 304 - 1.391 ms
GET /api/owner/store/1 304 - 2.776 ms
POST /api/owner/store/add 200 53 476.860 ms
GET /api/owner/store/1 304 - 1.382 ms
GET /api/owner/store/1 304 - 1.706 ms
GET /api/owner/store/1 200 332 2.944 ms
GET /api/owner/store/1 200 332 4.700 ms
GET /api/owner/store/1 304 - 2.052 ms
GET /api/owner/store/1 304 - 1.776 ms
GET /api/owner/store/1 304 - 3.329 ms
GET /api/owner/store/1 304 - 1.836 ms
GET /api/owner/store/1 304 - 2.672 ms
GET /api/owner/store/1 304 - 1.701 ms
GET /api/owner/store/1 304 - 2.586 ms
GET /api/owner/store/1 304 - 7.540 ms
GET /api/owner/store/1 304 - 2.495 ms
GET /api/owner/store/1 304 - 2.619 ms
GET /api/owner/store/1 200 332 4.767 ms
GET /api/owner/store/1 200 332 6.194 ms
GET /api/owner/store/1 304 - 2.668 ms
GET /api/owner/store/1 304 - 2.952 ms
GET /api/owner/store/1 304 - 1.922 ms
GET /api/owner/store/1 304 - 2.207 ms
GET /api/owner/store/1 304 - 2.026 ms
GET /api/owner/store/1 304 - 1.747 ms
GET /api/owner/store/1 304 - 1.568 ms
GET /api/owner/store/1 304 - 1.478 ms
POST /api/owner/store/add 200 53 156.809 ms
GET /api/owner/store/1 200 448 2.554 ms
GET /api/owner/store/1 200 332 2.131 ms
GET /api/owner/store/1 304 - 2.857 ms
POST /api/owner/login 200 49 12.195 ms
POST /api/owner/login 200 132 1.227 ms
GET /api/owner/homescreen/1 200 348 5.567 ms
GET /api/owner/homescreen/1 304 - 3.019 ms
GET /api/owner/homescreen/1 200 441 94.719 ms
GET /api/owner/homescreen/1 304 - 12.880 ms
POST /api/owner/login 200 49 1.357 ms
POST /api/owner/login 200 49 14.455 ms
POST /api/owner/login 200 132 1.640 ms
GET /api/owner/homescreen/1 304 - 9.324 ms
GET /api/owner/homescreen/1 304 - 5.088 ms
GET /api/owner/homescreen/1 304 - 5.435 ms
GET /api/owner/homescreen/1 200 441 3.862 ms
GET /api/owner/homescreen/1 200 441 6.581 ms
GET /api/owner/homescreen/1 304 - 3.826 ms
GET /api/owner/homescreen/1 200 442 41.731 ms
GET /api/owner/homescreen/1 200 442 37.670 ms
GET /api/owner/homescreen/1 200 442 31.913 ms
GET /api/owner/homescreen/1 200 442 35.081 ms
GET /api/owner/homescreen/1 200 506 32.223 ms
GET /api/owner/homescreen/1 200 506 32.778 ms
GET /api/owner/homescreen/1 200 762 9.893 ms
GET /api/owner/homescreen/1 200 762 6.478 ms
GET /api/owner/homescreen/1 304 - 23.603 ms
GET /api/owner/homescreen/1 200 762 5.870 ms
GET /api/owner/homescreen/1 200 762 8.595 ms
GET /api/owner/homescreen/1 304 - 4.679 ms
GET /api/owner/homescreen/1 304 - 8.445 ms
GET /api/owner/homescreen/1 304 - 5.440 ms
GET /api/owner/store/1 200 119 11.195 ms
GET /api/owner/store/1 304 - 2.283 ms
GET /api/owner/store/1 200 169 16.061 ms
GET /api/owner/store/1 304 - 3.872 ms
POST /api/owner/store/add 200 53 1.667 ms
GET /api/owner/store/1 304 - 1.696 ms
GET /api/owner/store/1 304 - 3.202 ms
GET /api/owner/store/1 304 - 1.775 ms
POST /api/owner/store/add 200 53 294.380 ms
GET /api/owner/store/1 200 369 4.706 ms
GET /api/owner/homescreen/1 - - - ms
POST /api/owner/login/register 200 53 118.896 ms
GET /api/owner/homescreen/1 200 762 4.550 ms
GET /api/owner/homescreen/1 304 - 3.979 ms
POST /api/owner/login 200 132 2.740 ms
GET /api/owner/homescreen/1 304 - 4.737 ms
GET /api/owner/homescreen/1 304 - 3.401 ms
GET /api/owner/store/1 304 - 1.951 ms
GET /api/owner/store/1 304 - 1.197 ms
GET /api/owner/store/1 200 375 10.419 ms
GET /api/owner/store/1 304 - 2.747 ms
GET /api/owner/store/1 304 - 1.336 ms
PUT /api/owner/store/update 200 55 1.140 ms
GET /api/owner/store/1 304 - 1.178 ms
GET /api/owner/store/1 200 375 5.671 ms
GET /api/owner/store/1 200 375 9.625 ms
GET /api/owner/store/1 304 - 1.267 ms
PUT /api/owner/store/update 200 55 1.292 ms
GET /api/owner/store/1 304 - 1.629 ms
GET /api/owner/store/1 304 - 2.525 ms
GET /api/owner/store/1 304 - 2.502 ms
